// Jest Snapshot v1, https://goo.gl/fbAQLP

exports[`WizardFullScreen matches snapshot with minimal props 1`] = `
<SplashPage>
  <React.Fragment>
    <h1
      className="wizard-title"
    />
    <div
      className="wizard-container"
    />
  </React.Fragment>
</SplashPage>
`;

exports[`WizardFullScreen with children matches snapshot with children props 1`] = `
<SplashPage>
  <React.Fragment>
    <h1
      className="wizard-title"
    />
    <div
      className="wizard-container"
    />
  </React.Fragment>
</SplashPage>
`;
